LTspice 24.1.1 for Windows
Circuit: C:\College\Year 3\Instrumentation and Measurements INST 3601\Labs\Thermistor Project\ltspice\Instrumentation_Project.net
Start Time: Tue Oct  6 11:35:29 2026
solver = Normal
Maximum thread count: 12
tnom = 27
temp = 27
method = trap
Direct Newton iteration for .op point succeeded.
Semiconductor Device Operating Points:
                        --- Diodes ---
Name:     u1:D1       u1:D2
Model:      x           x
Id:     -1.03e-11   -1.97e-11
Vd:     -1.03e+01   -1.97e+01
Req:     1.00e-12    1.00e-12
CAP:     0.00e+00    0.00e+00


Total elapsed time: 11.004 seconds.

Files loaded:
C:\College\Year 3\Instrumentation and Measurements INST 3601\Labs\Thermistor Project\ltspice\Instrumentation_Project.net
C:\Users\alank\AppData\Local\LTspice\lib\sub\UniversalOpAmp2.lib

